// Jest Snapshot v1, https://goo.gl/fbAQLP

exports[`renders correctly 1`] = `
<View
  style={
    {
      "alignItems": "flex-start",
      "display": "flex",
      "flexDirection": "column",
      "justifyContent": "flex-start",
      "marginVertical": 8,
      "width": "100%",
    }
  }
>
  <Text
    style={
      [
        {
          "color": "#11181C",
        },
        {
          "fontSize": 16,
          "lineHeight": 24,
        },
        undefined,
        undefined,
        undefined,
        undefined,
        {
          "color": "#333",
          "fontSize": 16,
          "fontWeight": "600",
          "marginBottom": 4,
        },
      ]
    }
  />
  <View
    accessibilityState={
      {
        "busy": undefined,
        "checked": undefined,
        "disabled": undefined,
        "expanded": undefined,
        "selected": undefined,
      }
    }
    accessibilityValue={
      {
        "max": undefined,
        "min": undefined,
        "now": undefined,
        "text": undefined,
      }
    }
    accessible={true}
    collapsable={false}
    focusable={true}
    onClick={[Function]}
    onResponderGrant={[Function]}
    onResponderMove={[Function]}
    onResponderRelease={[Function]}
    onResponderTerminate={[Function]}
    onResponderTerminationRequest={[Function]}
    onStartShouldSetResponder={[Function]}
    style={
      {
        "alignItems": "center",
        "borderColor": "#E0E0E0",
        "borderRadius": 8,
        "borderWidth": 1,
        "color": "#333",
        "display": "flex",
        "flexDirection": "row",
        "fontSize": 16,
        "fontWeight": "600",
        "height": 44,
        "justifyContent": "space-between",
        "opacity": 1,
        "padding": 4,
        "width": "100%",
      }
    }
  >
    <Text
      style={
        [
          {
            "color": "#11181C",
          },
          {
            "fontSize": 16,
            "lineHeight": 24,
          },
          undefined,
          undefined,
          undefined,
          undefined,
          [
            {
              "color": "#333",
              "fontSize": 16,
              "fontWeight": "600",
            },
            {
              "color": "#E0E0E0",
            },
          ],
        ]
      }
    >
      Snapshot test!
    </Text>
  </View>
</View>
`;
