// Jest Snapshot v1, https://goo.gl/fbAQLP

exports[`renders correctly 1`] = `
<RCTSafeAreaView
  style={
    {
      "alignItems": "center",
      "borderBottomColor": "#E0E0E0",
      "borderBottomWidth": 1,
      "display": "flex",
      "height": 44,
      "marginTop": 44,
      "width": "100%",
    }
  }
>
  <View
    style={
      {
        "alignItems": "center",
        "display": "flex",
        "flexDirection": "row",
        "justifyContent": "space-between",
        "width": "100%",
      }
    }
  >
    <View
      style={
        [
          {
            "alignItems": "center",
            "display": "flex",
            "flex": 1,
            "flexDirection": "row",
            "justifyContent": "center",
          },
          {
            "marginRight": 0,
          },
        ]
      }
    >
      <Text />
      <Text
        style={
          [
            {
              "color": "#11181C",
            },
            undefined,
            {
              "color": "#0777E0",
              "fontSize": 34,
              "fontWeight": "bold",
              "lineHeight": 32,
            },
            undefined,
            undefined,
            undefined,
            {
              "marginLeft": 8,
              "textAlign": "center",
            },
          ]
        }
      >
        Snapshot test!
      </Text>
    </View>
  </View>
</RCTSafeAreaView>
`;
